MPLINK 4.40, Linker
Linker Map File - Created Thu Mar 11 18:30:28 2021

                                 Section Info
                  Section       Type    Address   Location Size(Bytes)
                ---------  ---------  ---------  ---------  ---------
                   .org_0       code   0x000000    program   0x000000
                   .org_1       code   0x000000    program   0x00005a
.config_2007_ESGHIR_PROGRAMME2.O       code   0x002007    program   0x000002



                              Program Memory Usage 
                               Start         End      
                           ---------   ---------      
                            0x000000    0x00002c      
                            0x002007    0x002007      
            46 out of 1094 program addresses used, program memory utilization is 4%



                              Symbols - Sorted by Name
                     Name    Address   Location    Storage File                     
                ---------  ---------  ---------  --------- ---------                
                       KK   0x000017    program     static C:\Users\SONY\Desktop\programme2\ESGHIR_programme2.asm
                       MM   0x000010    program     static C:\Users\SONY\Desktop\programme2\ESGHIR_programme2.asm
               decomptage   0x00000a    program     static C:\Users\SONY\Desktop\programme2\ESGHIR_programme2.asm
                    delai   0x000026    program     static C:\Users\SONY\Desktop\programme2\ESGHIR_programme2.asm
                   delai1   0x000024    program     static C:\Users\SONY\Desktop\programme2\ESGHIR_programme2.asm
                   delai2   0x000022    program     static C:\Users\SONY\Desktop\programme2\ESGHIR_programme2.asm
                     loop   0x000006    program     static C:\Users\SONY\Desktop\programme2\ESGHIR_programme2.asm
                    start   0x000001    program     static C:\Users\SONY\Desktop\programme2\ESGHIR_programme2.asm
      tempo_clignotements   0x000020    program     static C:\Users\SONY\Desktop\programme2\ESGHIR_programme2.asm



                              Symbols - Sorted by Address
                     Name    Address   Location    Storage File                     
                ---------  ---------  ---------  --------- ---------                
                    start   0x000001    program     static C:\Users\SONY\Desktop\programme2\ESGHIR_programme2.asm
                     loop   0x000006    program     static C:\Users\SONY\Desktop\programme2\ESGHIR_programme2.asm
               decomptage   0x00000a    program     static C:\Users\SONY\Desktop\programme2\ESGHIR_programme2.asm
                       MM   0x000010    program     static C:\Users\SONY\Desktop\programme2\ESGHIR_programme2.asm
                       KK   0x000017    program     static C:\Users\SONY\Desktop\programme2\ESGHIR_programme2.asm
      tempo_clignotements   0x000020    program     static C:\Users\SONY\Desktop\programme2\ESGHIR_programme2.asm
                   delai2   0x000022    program     static C:\Users\SONY\Desktop\programme2\ESGHIR_programme2.asm
                   delai1   0x000024    program     static C:\Users\SONY\Desktop\programme2\ESGHIR_programme2.asm
                    delai   0x000026    program     static C:\Users\SONY\Desktop\programme2\ESGHIR_programme2.asm


